// Jest Snapshot v1, https://goo.gl/fbAQLP

exports[`Tests on delete event button should match snapshot 1`] = `
<button
  className="bg-red-400 p-2.5 border font-bold rounded-md text-alabaster flex justify-center w-full transition ease-in"
  onClick={[Function]}
>
  <svg
    className="mt-0.5 mr-1 w-6 h-6"
    fill="currentColor"
    viewBox="0 0 20 20"
    xmlns="http://www.w3.org/2000/svg"
  >
    <path
      clipRule="evenodd"
      d="M9 2a1 1 0 00-.894.553L7.382 4H4a1 1 0 000 2v10a2 2 0 002 2h8a2 2 0 002-2V6a1 1 0 100-2h-3.382l-.724-1.447A1 1 0 0011 2H9zM7 8a1 1 0 012 0v6a1 1 0 11-2 0V8zm5-1a1 1 0 00-1 1v6a1 1 0 102 0V8a1 1 0 00-1-1z"
      fillRule="evenodd"
    />
  </svg>
  <span>
    Delete
  </span>
</button>
`;
