// Jest Snapshot v1, https://goo.gl/fbAQLP

exports[`Tests on CalendarPage component should match snapshot 1`] = `
<div
  className="calendar-screen"
>
  <nav
    className="bg-dark-lava shadow-lg"
  >
    <div
      className="max-w-10xl mx-auto px-4"
    >
      <div
        className="flex justify-between"
      >
        <div
          className="flex space-x-7"
        >
          <div
            className="hidden md:flex items-center space-x-4"
          >
            <p
              className="py-4 px-2 text-alabaster"
            >
              aaron
            </p>
          </div>
        </div>
        <div
          className="hidden md:flex items-center space-x-3 "
        >
          <button
            className="inline-flex py-2 px-2 font-bold text-alabaster bg-melon rounded transition duration-300"
            onClick={[Function]}
          >
            <svg
              className="mt-0.5 mr-1 h-5 w-5"
              fill="none"
              stroke="currentColor"
              viewBox="0 0 24 24"
              xmlns="http://www.w3.org/2000/svg"
            >
              <path
                d="M17 16l4-4m0 0l-4-4m4 4H7m6 4v1a3 3 0 01-3 3H6a3 3 0 01-3-3V7a3 3 0 013-3h4a3 3 0 013 3v1"
                strokeLinecap="round"
                strokeLinejoin="round"
                strokeWidth={2}
              />
            </svg>
             Logout
          </button>
        </div>
        <div
          className="md:hidden flex items-center"
        >
          <button
            className="outline-none mobile-menu-button"
          >
            <svg
              className=" w-6 h-6 text-gray-500 hover:text-green-500 "
              fill="none"
              stroke="currentColor"
              strokeLinecap="round"
              strokeLinejoin="round"
              strokeWidth="2"
              viewBox="0 0 24 24"
              x-show="!showMenu"
            >
              <path
                d="M4 6h16M4 12h16M4 18h16"
              />
            </svg>
          </button>
        </div>
      </div>
    </div>
    <div
      className="hidden mobile-menu"
    >
      <ul
        className=""
      >
        <li
          className="active"
        >
          <a
            className="block text-sm px-2 py-4 text-white bg-green-500 font-semibold"
            href="index.html"
          >
            Home
          </a>
        </li>
        <li>
          <a
            className="block text-sm px-2 py-4 hover:bg-green-500 transition duration-300"
            href="#services"
          >
            Services
          </a>
        </li>
        <li>
          <a
            className="block text-sm px-2 py-4 hover:bg-green-500 transition duration-300"
            href="#about"
          >
            About
          </a>
        </li>
        <li>
          <a
            className="block text-sm px-2 py-4 hover:bg-green-500 transition duration-300"
            href="#contact"
          >
            Contact Us
          </a>
        </li>
      </ul>
    </div>
  </nav>
  <div
    className="mt-6"
  >
    <button
      className="bg-melon p-4 absolute bottom-3 right-3 rounded-full z-10 text-dark-lava"
      onClick={[Function]}
    >
      <svg
        className="w-6 h-6"
        fill="currentColor"
        viewBox="0 0 20 20"
        xmlns="http://www.w3.org/2000/svg"
      >
        <path
          clipRule="evenodd"
          d="M10 3a1 1 0 011 1v5h5a1 1 0 110 2h-5v5a1 1 0 11-2 0v-5H4a1 1 0 110-2h5V4a1 1 0 011-1z"
          fillRule="evenodd"
        />
      </svg>
    </button>
    <div
      className="rbc-calendar"
      style={
        Object {
          "height": "92vh",
        }
      }
    >
      <div
        className="rbc-toolbar"
      >
        <span
          className="rbc-btn-group"
        >
          <button
            onClick={[Function]}
            type="button"
          >
            Today
          </button>
          <button
            onClick={[Function]}
            type="button"
          >
            Back
          </button>
          <button
            onClick={[Function]}
            type="button"
          >
            Next
          </button>
        </span>
        <span
          className="rbc-toolbar-label"
        >
          October 2021
        </span>
        <span
          className="rbc-btn-group"
        >
          <button
            className="rbc-active"
            key="month"
            onClick={[Function]}
            type="button"
          >
            Month
          </button>
          <button
            className=""
            key="week"
            onClick={[Function]}
            type="button"
          >
            Week
          </button>
          <button
            className=""
            key="day"
            onClick={[Function]}
            type="button"
          >
            Day
          </button>
          <button
            className=""
            key="agenda"
            onClick={[Function]}
            type="button"
          >
            Agenda
          </button>
        </span>
      </div>
      <div
        aria-label="Month View"
        className="rbc-month-view"
        role="table"
      >
        <div
          className="rbc-row rbc-month-header"
          role="row"
        >
          <div
            className="rbc-header"
            key="header_0"
          >
            <span
              aria-sort="none"
              role="columnheader"
            >
              Sun
            </span>
          </div>
          <div
            className="rbc-header"
            key="header_1"
          >
            <span
              aria-sort="none"
              role="columnheader"
            >
              Mon
            </span>
          </div>
          <div
            className="rbc-header"
            key="header_2"
          >
            <span
              aria-sort="none"
              role="columnheader"
            >
              Tue
            </span>
          </div>
          <div
            className="rbc-header"
            key="header_3"
          >
            <span
              aria-sort="none"
              role="columnheader"
            >
              Wed
            </span>
          </div>
          <div
            className="rbc-header"
            key="header_4"
          >
            <span
              aria-sort="none"
              role="columnheader"
            >
              Thu
            </span>
          </div>
          <div
            className="rbc-header"
            key="header_5"
          >
            <span
              aria-sort="none"
              role="columnheader"
            >
              Fri
            </span>
          </div>
          <div
            className="rbc-header"
            key="header_6"
          >
            <span
              aria-sort="none"
              role="columnheader"
            >
              Sat
            </span>
          </div>
        </div>
        <div
          className="rbc-month-row"
          role="rowgroup"
        >
          <div
            className="rbc-row-bg"
          >
            <div
              className="rbc-day-bg rbc-off-range-bg"
            />
            <div
              className="rbc-day-bg rbc-off-range-bg"
            />
            <div
              className="rbc-day-bg rbc-off-range-bg"
            />
            <div
              className="rbc-day-bg rbc-off-range-bg"
            />
            <div
              className="rbc-day-bg rbc-off-range-bg"
            />
            <div
              className="rbc-day-bg"
            />
            <div
              className="rbc-day-bg"
            />
          </div>
          <div
            className="rbc-row-content"
            role="row"
          >
            <div
              className="rbc-row "
            >
              <div
                className="rbc-date-cell rbc-off-range"
                key="header_0"
                role="cell"
              >
                <a
                  href="#"
                  onClick={[Function]}
                  role="cell"
                >
                  26
                </a>
              </div>
              <div
                className="rbc-date-cell rbc-off-range"
                key="header_1"
                role="cell"
              >
                <a
                  href="#"
                  onClick={[Function]}
                  role="cell"
                >
                  27
                </a>
              </div>
              <div
                className="rbc-date-cell rbc-off-range"
                key="header_2"
                role="cell"
              >
                <a
                  href="#"
                  onClick={[Function]}
                  role="cell"
                >
                  28
                </a>
              </div>
              <div
                className="rbc-date-cell rbc-off-range"
                key="header_3"
                role="cell"
              >
                <a
                  href="#"
                  onClick={[Function]}
                  role="cell"
                >
                  29
                </a>
              </div>
              <div
                className="rbc-date-cell rbc-off-range"
                key="header_4"
                role="cell"
              >
                <a
                  href="#"
                  onClick={[Function]}
                  role="cell"
                >
                  30
                </a>
              </div>
              <div
                className="rbc-date-cell"
                key="header_5"
                role="cell"
              >
                <a
                  href="#"
                  onClick={[Function]}
                  role="cell"
                >
                  01
                </a>
              </div>
              <div
                className="rbc-date-cell"
                key="header_6"
                role="cell"
              >
                <a
                  href="#"
                  onClick={[Function]}
                  role="cell"
                >
                  02
                </a>
              </div>
            </div>
          </div>
        </div>
        <div
          className="rbc-month-row"
          role="rowgroup"
        >
          <div
            className="rbc-row-bg"
          >
            <div
              className="rbc-day-bg"
            />
            <div
              className="rbc-day-bg"
            />
            <div
              className="rbc-day-bg"
            />
            <div
              className="rbc-day-bg"
            />
            <div
              className="rbc-day-bg"
            />
            <div
              className="rbc-day-bg"
            />
            <div
              className="rbc-day-bg"
            />
          </div>
          <div
            className="rbc-row-content"
            role="row"
          >
            <div
              className="rbc-row "
            >
              <div
                className="rbc-date-cell"
                key="header_0"
                role="cell"
              >
                <a
                  href="#"
                  onClick={[Function]}
                  role="cell"
                >
                  03
                </a>
              </div>
              <div
                className="rbc-date-cell"
                key="header_1"
                role="cell"
              >
                <a
                  href="#"
                  onClick={[Function]}
                  role="cell"
                >
                  04
                </a>
              </div>
              <div
                className="rbc-date-cell"
                key="header_2"
                role="cell"
              >
                <a
                  href="#"
                  onClick={[Function]}
                  role="cell"
                >
                  05
                </a>
              </div>
              <div
                className="rbc-date-cell"
                key="header_3"
                role="cell"
              >
                <a
                  href="#"
                  onClick={[Function]}
                  role="cell"
                >
                  06
                </a>
              </div>
              <div
                className="rbc-date-cell"
                key="header_4"
                role="cell"
              >
                <a
                  href="#"
                  onClick={[Function]}
                  role="cell"
                >
                  07
                </a>
              </div>
              <div
                className="rbc-date-cell"
                key="header_5"
                role="cell"
              >
                <a
                  href="#"
                  onClick={[Function]}
                  role="cell"
                >
                  08
                </a>
              </div>
              <div
                className="rbc-date-cell"
                key="header_6"
                role="cell"
              >
                <a
                  href="#"
                  onClick={[Function]}
                  role="cell"
                >
                  09
                </a>
              </div>
            </div>
          </div>
        </div>
        <div
          className="rbc-month-row"
          role="rowgroup"
        >
          <div
            className="rbc-row-bg"
          >
            <div
              className="rbc-day-bg"
            />
            <div
              className="rbc-day-bg"
            />
            <div
              className="rbc-day-bg"
            />
            <div
              className="rbc-day-bg"
            />
            <div
              className="rbc-day-bg"
            />
            <div
              className="rbc-day-bg"
            />
            <div
              className="rbc-day-bg"
            />
          </div>
          <div
            className="rbc-row-content"
            role="row"
          >
            <div
              className="rbc-row "
            >
              <div
                className="rbc-date-cell"
                key="header_0"
                role="cell"
              >
                <a
                  href="#"
                  onClick={[Function]}
                  role="cell"
                >
                  10
                </a>
              </div>
              <div
                className="rbc-date-cell"
                key="header_1"
                role="cell"
              >
                <a
                  href="#"
                  onClick={[Function]}
                  role="cell"
                >
                  11
                </a>
              </div>
              <div
                className="rbc-date-cell"
                key="header_2"
                role="cell"
              >
                <a
                  href="#"
                  onClick={[Function]}
                  role="cell"
                >
                  12
                </a>
              </div>
              <div
                className="rbc-date-cell"
                key="header_3"
                role="cell"
              >
                <a
                  href="#"
                  onClick={[Function]}
                  role="cell"
                >
                  13
                </a>
              </div>
              <div
                className="rbc-date-cell"
                key="header_4"
                role="cell"
              >
                <a
                  href="#"
                  onClick={[Function]}
                  role="cell"
                >
                  14
                </a>
              </div>
              <div
                className="rbc-date-cell"
                key="header_5"
                role="cell"
              >
                <a
                  href="#"
                  onClick={[Function]}
                  role="cell"
                >
                  15
                </a>
              </div>
              <div
                className="rbc-date-cell"
                key="header_6"
                role="cell"
              >
                <a
                  href="#"
                  onClick={[Function]}
                  role="cell"
                >
                  16
                </a>
              </div>
            </div>
          </div>
        </div>
        <div
          className="rbc-month-row"
          role="rowgroup"
        >
          <div
            className="rbc-row-bg"
          >
            <div
              className="rbc-day-bg rbc-today"
            />
            <div
              className="rbc-day-bg"
            />
            <div
              className="rbc-day-bg"
            />
            <div
              className="rbc-day-bg"
            />
            <div
              className="rbc-day-bg"
            />
            <div
              className="rbc-day-bg"
            />
            <div
              className="rbc-day-bg"
            />
          </div>
          <div
            className="rbc-row-content"
            role="row"
          >
            <div
              className="rbc-row "
            >
              <div
                className="rbc-date-cell rbc-now rbc-current"
                key="header_0"
                role="cell"
              >
                <a
                  href="#"
                  onClick={[Function]}
                  role="cell"
                >
                  17
                </a>
              </div>
              <div
                className="rbc-date-cell"
                key="header_1"
                role="cell"
              >
                <a
                  href="#"
                  onClick={[Function]}
                  role="cell"
                >
                  18
                </a>
              </div>
              <div
                className="rbc-date-cell"
                key="header_2"
                role="cell"
              >
                <a
                  href="#"
                  onClick={[Function]}
                  role="cell"
                >
                  19
                </a>
              </div>
              <div
                className="rbc-date-cell"
                key="header_3"
                role="cell"
              >
                <a
                  href="#"
                  onClick={[Function]}
                  role="cell"
                >
                  20
                </a>
              </div>
              <div
                className="rbc-date-cell"
                key="header_4"
                role="cell"
              >
                <a
                  href="#"
                  onClick={[Function]}
                  role="cell"
                >
                  21
                </a>
              </div>
              <div
                className="rbc-date-cell"
                key="header_5"
                role="cell"
              >
                <a
                  href="#"
                  onClick={[Function]}
                  role="cell"
                >
                  22
                </a>
              </div>
              <div
                className="rbc-date-cell"
                key="header_6"
                role="cell"
              >
                <a
                  href="#"
                  onClick={[Function]}
                  role="cell"
                >
                  23
                </a>
              </div>
            </div>
          </div>
        </div>
        <div
          className="rbc-month-row"
          role="rowgroup"
        >
          <div
            className="rbc-row-bg"
          >
            <div
              className="rbc-day-bg"
            />
            <div
              className="rbc-day-bg"
            />
            <div
              className="rbc-day-bg"
            />
            <div
              className="rbc-day-bg"
            />
            <div
              className="rbc-day-bg"
            />
            <div
              className="rbc-day-bg"
            />
            <div
              className="rbc-day-bg"
            />
          </div>
          <div
            className="rbc-row-content"
            role="row"
          >
            <div
              className="rbc-row "
            >
              <div
                className="rbc-date-cell"
                key="header_0"
                role="cell"
              >
                <a
                  href="#"
                  onClick={[Function]}
                  role="cell"
                >
                  24
                </a>
              </div>
              <div
                className="rbc-date-cell"
                key="header_1"
                role="cell"
              >
                <a
                  href="#"
                  onClick={[Function]}
                  role="cell"
                >
                  25
                </a>
              </div>
              <div
                className="rbc-date-cell"
                key="header_2"
                role="cell"
              >
                <a
                  href="#"
                  onClick={[Function]}
                  role="cell"
                >
                  26
                </a>
              </div>
              <div
                className="rbc-date-cell"
                key="header_3"
                role="cell"
              >
                <a
                  href="#"
                  onClick={[Function]}
                  role="cell"
                >
                  27
                </a>
              </div>
              <div
                className="rbc-date-cell"
                key="header_4"
                role="cell"
              >
                <a
                  href="#"
                  onClick={[Function]}
                  role="cell"
                >
                  28
                </a>
              </div>
              <div
                className="rbc-date-cell"
                key="header_5"
                role="cell"
              >
                <a
                  href="#"
                  onClick={[Function]}
                  role="cell"
                >
                  29
                </a>
              </div>
              <div
                className="rbc-date-cell"
                key="header_6"
                role="cell"
              >
                <a
                  href="#"
                  onClick={[Function]}
                  role="cell"
                >
                  30
                </a>
              </div>
            </div>
          </div>
        </div>
        <div
          className="rbc-month-row"
          role="rowgroup"
        >
          <div
            className="rbc-row-bg"
          >
            <div
              className="rbc-day-bg"
            />
            <div
              className="rbc-day-bg rbc-off-range-bg"
            />
            <div
              className="rbc-day-bg rbc-off-range-bg"
            />
            <div
              className="rbc-day-bg rbc-off-range-bg"
            />
            <div
              className="rbc-day-bg rbc-off-range-bg"
            />
            <div
              className="rbc-day-bg rbc-off-range-bg"
            />
            <div
              className="rbc-day-bg rbc-off-range-bg"
            />
          </div>
          <div
            className="rbc-row-content"
            role="row"
          >
            <div
              className="rbc-row "
            >
              <div
                className="rbc-date-cell"
                key="header_0"
                role="cell"
              >
                <a
                  href="#"
                  onClick={[Function]}
                  role="cell"
                >
                  31
                </a>
              </div>
              <div
                className="rbc-date-cell rbc-off-range"
                key="header_1"
                role="cell"
              >
                <a
                  href="#"
                  onClick={[Function]}
                  role="cell"
                >
                  01
                </a>
              </div>
              <div
                className="rbc-date-cell rbc-off-range"
                key="header_2"
                role="cell"
              >
                <a
                  href="#"
                  onClick={[Function]}
                  role="cell"
                >
                  02
                </a>
              </div>
              <div
                className="rbc-date-cell rbc-off-range"
                key="header_3"
                role="cell"
              >
                <a
                  href="#"
                  onClick={[Function]}
                  role="cell"
                >
                  03
                </a>
              </div>
              <div
                className="rbc-date-cell rbc-off-range"
                key="header_4"
                role="cell"
              >
                <a
                  href="#"
                  onClick={[Function]}
                  role="cell"
                >
                  04
                </a>
              </div>
              <div
                className="rbc-date-cell rbc-off-range"
                key="header_5"
                role="cell"
              >
                <a
                  href="#"
                  onClick={[Function]}
                  role="cell"
                >
                  05
                </a>
              </div>
              <div
                className="rbc-date-cell rbc-off-range"
                key="header_6"
                role="cell"
              >
                <a
                  href="#"
                  onClick={[Function]}
                  role="cell"
                >
                  06
                </a>
              </div>
            </div>
          </div>
        </div>
      </div>
    </div>
  </div>
  <Portal
    containerInfo={
      <div
        class="ReactModalPortal"
      />
    }
  />
</div>
`;
